2026-05-14 21:31:35,634 INFO ==================================================
2026-05-14 21:31:35,634 INFO STEP 1/4 — Scraping faculty pages
2026-05-14 21:31:35,635 INFO ==================================================
2026-05-14 21:31:38,944 INFO Discovered 5 pages from https://www.ug.edu.gh/staff-faculty-services
2026-05-14 21:31:40,494 INFO Discovered 8 pages from https://www.ug.edu.gh/academics/colleges-schools
2026-05-14 21:31:43,651 INFO Discovered 27 pages from https://old1.ug.edu.gh/departments
2026-05-14 21:31:56,943 INFO Playwright browser started
2026-05-14 21:32:09,292 INFO Found 0 profile links from http://cbas.ug.edu.gh
2026-05-14 21:32:12,278 INFO Found 4 profile links from http://sgs.ug.edu.gh
2026-05-14 21:32:22,560 INFO Found 0 profile links from https://cbas.ug.edu.gh/staff?tab=management
2026-05-14 21:32:26,724 INFO Found 3 profile links from https://chs.ug.edu.gh
2026-05-14 21:32:31,114 INFO Found 0 profile links from https://coe.ug.edu.gh/
2026-05-14 21:32:35,656 INFO Found 10 profile links from https://coh.ug.edu.gh
2026-05-14 21:32:39,161 INFO Found 0 profile links from https://cohold.ug.edu.gh/staff
2026-05-14 21:33:03,803 INFO DCS: found 0 profile links
2026-05-14 21:33:03,810 INFO Found 0 profile links from https://dcs.ug.edu.gh/faculty?group=6664788d33d7c32069301986
2026-05-14 21:33:06,644 INFO Found 37 profile links from https://law.ug.edu.gh/faculty
2026-05-14 21:33:09,757 INFO Found 0 profile links from https://old1.ug.edu.gh/academics/colleges
2026-05-14 21:33:16,085 INFO Found 0 profile links from https://old1.ug.edu.gh/departments
2026-05-14 21:33:22,833 INFO Found 0 profile links from https://old1.ug.edu.gh/departments#main-content
2026-05-14 21:33:24,994 INFO Found 0 profile links from https://old1.ug.edu.gh/departments/a
2026-05-14 21:33:26,978 INFO Found 0 profile links from https://old1.ug.edu.gh/departments/b
2026-05-14 21:33:29,108 INFO Found 0 profile links from https://old1.ug.edu.gh/departments/c
2026-05-14 21:33:31,119 INFO Found 0 profile links from https://old1.ug.edu.gh/departments/d
2026-05-14 21:33:33,127 INFO Found 0 profile links from https://old1.ug.edu.gh/departments/e
2026-05-14 21:33:35,271 INFO Found 0 profile links from https://old1.ug.edu.gh/departments/f
2026-05-14 21:33:37,368 INFO Found 0 profile links from https://old1.ug.edu.gh/departments/g
2026-05-14 21:33:39,368 INFO Found 0 profile links from https://old1.ug.edu.gh/departments/h
2026-05-14 21:33:41,433 INFO Found 0 profile links from https://old1.ug.edu.gh/departments/i
2026-05-14 21:33:43,538 INFO Found 0 profile links from https://old1.ug.edu.gh/departments/l
2026-05-14 21:33:45,669 INFO Found 0 profile links from https://old1.ug.edu.gh/departments/m
2026-05-14 21:33:47,674 INFO Found 0 profile links from https://old1.ug.edu.gh/departments/n
2026-05-14 21:33:49,701 INFO Found 0 profile links from https://old1.ug.edu.gh/departments/o
2026-05-14 21:33:51,896 INFO Found 0 profile links from https://old1.ug.edu.gh/departments/p
2026-05-14 21:33:54,026 INFO Found 0 profile links from https://old1.ug.edu.gh/departments/r
2026-05-14 21:33:56,052 INFO Found 0 profile links from https://old1.ug.edu.gh/departments/s
2026-05-14 21:33:58,025 INFO Found 0 profile links from https://old1.ug.edu.gh/departments/t
2026-05-14 21:34:02,542 INFO Found 0 profile links from https://old1.ug.edu.gh/departments?page=1
2026-05-14 21:34:05,117 INFO Found 0 profile links from https://old1.ug.edu.gh/departments?page=2
2026-05-14 21:34:07,350 INFO Found 0 profile links from https://old1.ug.edu.gh/staff-directory
2026-05-14 21:34:09,560 INFO Found 1 profile links from https://old1.ug.edu.gh/ug-staff
2026-05-14 21:34:11,406 INFO Found 0 profile links from https://old1.ug.edu.gh/university-leadership/officers
2026-05-14 21:34:16,836 INFO Found 23 profile links from https://pscience.ug.edu.gh/faculty-staff
2026-05-14 21:34:19,907 INFO Found 4 profile links from https://sgs.ug.edu.gh/
2026-05-14 21:37:27,852 INFO Found 141 profile links from https://ugbs.ug.edu.gh/faculty
2026-05-14 21:37:30,760 INFO Found 6 profile links from https://www.ug.edu.gh/about-ug/leadership
2026-05-14 21:37:32,351 INFO Found 0 profile links from https://www.ug.edu.gh/academics/colleges-schools
2026-05-14 21:37:33,954 INFO Found 0 profile links from https://www.ug.edu.gh/academics/colleges-schools#main-content
2026-05-14 21:37:35,611 INFO Found 12 profile links from https://www.ug.edu.gh/esl/people/faculty
2026-05-14 21:37:37,261 INFO Found 6 profile links from https://www.ug.edu.gh/pad/staff
2026-05-14 21:37:38,217 WARNING Failed listing page https://www.ug.edu.gh/staff-directory: 404 Client Error: Not Found for url: https://www.ug.edu.gh/staff-directory
2026-05-14 21:37:38,218 INFO Found 0 profile links from https://www.ug.edu.gh/staff-directory
2026-05-14 21:37:39,885 INFO Found 0 profile links from https://www.ug.edu.gh/staff-faculty-services
2026-05-14 21:37:41,494 INFO Found 0 profile links from https://www.ug.edu.gh/staff-faculty-services#main-content
2026-05-14 21:37:44,192 INFO Scraped: PhD Oral Examinations
2026-05-14 21:37:46,061 INFO Scraped: Contact
2026-05-14 21:37:47,641 WARNING Profile failed http://www.ug.edu.gh/staff/how-to/: 404 Client Error: Not Found for url: http://www.ug.edu.gh/staff/how-to/
2026-05-14 21:37:49,958 INFO Scraped: Graduate Admissions
2026-05-14 21:38:21,987 INFO Scraped: Dr. Abdul Baasit Aziz Bamba
2026-05-14 21:38:23,903 INFO Scraped: Dr. Benjamin Kunbuor
2026-05-14 21:38:25,515 INFO Scraped: Dr. Clara Kowlaga Beeri Kasser-Tee
2026-05-14 21:38:27,083 INFO Scraped: Dr. Fafa Delight Agbeko
2026-05-14 21:38:28,929 INFO Scraped: Dr. Godwin Djokoto
2026-05-14 21:38:30,576 INFO Scraped: Dr. Justice Srem-Sai
2026-05-14 21:38:32,389 INFO Scraped: Dr. Kwaku Boadu
2026-05-14 21:38:34,084 INFO Scraped: Dr. Kweku Ainuson
2026-05-14 21:38:35,714 INFO Scraped: Dr. Lawrencia Oppong Peprah
2026-05-14 21:38:37,169 INFO Scraped: Dr. Prince Obiri-Korang
2026-05-14 21:38:39,002 INFO Scraped: Dr. Prosper A. Batinge
2026-05-14 21:38:40,635 INFO Scraped: Dr. Rowland Atta-Kesson
2026-05-14 21:38:42,342 INFO Scraped: Dr. Samuel Manteaw
2026-05-14 21:38:43,959 INFO Scraped: Dr. Sena Afua Dei-Tutu
2026-05-14 21:38:45,771 INFO Scraped: Dr. Theodore Adimazoya
2026-05-14 21:38:47,847 INFO Scraped: Mr. Augustine Kidisil
2026-05-14 21:38:49,428 INFO Scraped: Mr. Courage A. Asabagna
2026-05-14 21:38:51,072 INFO Scraped: Mr. Francis Ontoyin
2026-05-14 21:38:52,843 INFO Scraped: Mr. Herbert Krapa
2026-05-14 21:38:54,609 INFO Scraped: Mr. Kenneth Ghartey
2026-05-14 21:38:56,348 INFO Scraped: Mr. Vitus Ngaanuma
2026-05-14 21:38:58,118 INFO Scraped: Mr. William Kofi Owusu Demitia
2026-05-14 21:38:59,863 INFO Scraped: Ms. Adubea Jennifer Hall
2026-05-14 21:39:01,676 INFO Scraped: Ms. Dorothy Phoebe Mawuena Ayitey
2026-05-14 21:39:03,303 INFO Scraped: Ms. Maame Yaa Akyiaa Mensa-Bonsu
2026-05-14 21:39:05,067 INFO Scraped: Ms. Rachel Haizel
2026-05-14 21:39:06,557 INFO Scraped: Ms. Zeinab Ayariga
2026-05-14 21:39:08,307 INFO Scraped: Prof. Abdallah Ali-Nakyea
2026-05-14 21:39:09,952 INFO Scraped: Prof. Ama F. Hammond
2026-05-14 21:39:11,754 INFO Scraped: Prof. Atudiwe P. Atupare
2026-05-14 21:39:13,455 INFO Scraped: Prof. Christine Dowuona-Hammond
2026-05-14 21:39:15,083 INFO Scraped: Prof. Edward Kofi Quashigah
2026-05-14 21:39:16,903 INFO Scraped: Prof. Kwadwo Appiagyei-Atua
2026-05-14 21:39:19,788 INFO Scraped: Prof. Kwame Gyan
2026-05-14 21:39:21,975 INFO Scraped: Prof. Raymond A. Atuguba
2026-05-14 21:39:23,586 INFO Scraped: Prof. Thomas Kojo Stephens
2026-05-14 21:39:26,998 INFO Scraped: Dr. Bossman Eric Asare (on leave)
2026-05-14 21:39:29,039 INFO Scraped: Dr. Abdul-Jalilu Ateku
2026-05-14 21:39:31,295 INFO Scraped: Dr. Akpeko Agbevade
2026-05-14 21:39:33,767 INFO Scraped: Dr. Charles Amo-Agyemang
2026-05-14 21:39:35,962 INFO Scraped: Dr. Evans Aggrey-Darkoh (on leave)
2026-05-14 21:39:37,994 INFO Scraped: Dr. Iddi Ziblim
2026-05-14 21:39:40,066 INFO Scraped: Dr Joshua Jebuntie Zaato
2026-05-14 21:39:42,234 INFO Scraped: Dr. Kumi Ansah-Koi
2026-05-14 21:39:44,291 INFO Scraped: Dr. Kwame Asah-Asante
2026-05-14 21:39:46,059 INFO Scraped: Dr. Maame Adwoa Gyekye-Jandoh
2026-05-14 21:39:48,527 INFO Scraped: Mr. Alexander Kaakyire Duku Frempong
2026-05-14 21:39:51,041 INFO Scraped: Prof. Abdulai Kuyini Mohammed
2026-05-14 21:39:53,284 INFO Scraped: Prof Abeeku Essuman-Johnson
2026-05-14 21:39:55,593 INFO Scraped: Prof Emmanuel Debrah
2026-05-14 21:39:57,972 INFO Scraped: Prof. Emmanuel Yeboah-Assiamah
2026-05-14 21:40:00,174 INFO Scraped: Prof. Isaac Owusu-Mensah
2026-05-14 21:40:02,837 INFO Scraped: Prof Kwame Boafo-Arthur
2026-05-14 21:40:05,085 INFO Scraped: Prof Kwame A. Ninsin
2026-05-14 21:40:07,484 INFO Scraped: Prof. Lloyd George Adu Amoah
2026-05-14 21:40:09,588 INFO Scraped: Prof. Nene-Lomotey Kuditchar
2026-05-14 21:40:11,758 INFO Scraped: Prof Ransford Edward Van Gyampo
2026-05-14 21:40:14,027 INFO Scraped: Prof. Rosina Foli
2026-05-14 21:40:16,795 INFO Scraped: Prof. Seidu Mahama Alidu
2026-05-14 21:40:19,227 INFO Scraped: PhD Oral Examinations
2026-05-14 21:40:21,081 INFO Scraped: Contact
2026-05-14 21:40:33,811 INFO Scraped: Faculty
2026-05-14 21:40:45,187 INFO Scraped: Faculty
2026-05-14 21:40:56,465 INFO Scraped: Faculty
2026-05-14 21:41:08,702 INFO Scraped: Faculty
2026-05-14 21:41:20,346 INFO Scraped: Faculty
2026-05-14 21:41:32,552 INFO Scraped: Faculty
2026-05-14 21:41:43,704 INFO Scraped: Faculty
2026-05-14 21:41:54,251 INFO Scraped: Faculty
2026-05-14 21:42:06,144 INFO Scraped: Faculty
2026-05-14 21:42:17,965 INFO Scraped: Faculty
2026-05-14 21:42:29,370 INFO Scraped: Faculty
2026-05-14 21:42:41,629 INFO Scraped: Faculty
2026-05-14 21:42:53,255 INFO Scraped: Faculty
2026-05-14 21:43:04,520 INFO Scraped: Faculty
2026-05-14 21:43:18,567 INFO Scraped: Faculty
2026-05-14 21:43:29,623 INFO Scraped: Faculty
2026-05-14 21:43:39,576 INFO Scraped: Abdul-Gafaru Abdulai
2026-05-14 21:43:49,427 INFO Scraped: Acheampong Owusu
2026-05-14 21:44:02,603 INFO Scraped: Agyapomaa Gyeke-Dako
2026-05-14 21:44:13,764 INFO Scraped: Aidatu Abubakari
2026-05-14 21:44:23,866 INFO Scraped: Albert Ahenkan
2026-05-14 21:44:34,238 INFO Scraped: Anita Anima Daniels
2026-05-14 21:44:45,534 INFO Scraped: Anita Asiwome Adzo Baku
2026-05-14 21:44:55,482 INFO Scraped: Anthony Afful-Dadzie
2026-05-14 21:45:06,593 INFO Scraped: Anthony Q.Q. Aboagye
2026-05-14 21:45:17,565 INFO Scraped: Baah Aye Kusi
2026-05-14 21:45:27,001 INFO Scraped: Bedman Narteh
2026-05-14 21:45:36,642 INFO Scraped: Benjamin Amoah
2026-05-14 21:45:48,029 INFO Scraped: Charles Andoh
2026-05-14 21:45:57,793 INFO Scraped: Cletus Agyenim-Boateng
2026-05-14 21:46:07,513 INFO Scraped: Damoah Obi Berko
2026-05-14 21:46:16,920 INFO Scraped: Daniel Appiah
2026-05-14 21:46:27,298 INFO Scraped: Daniel Frimpong Ofori
2026-05-14 21:46:37,158 INFO Scraped: Daniel Ofori-Sasu
2026-05-14 21:46:48,226 INFO Scraped: Divine Quase Agozie
2026-05-14 21:46:59,645 INFO Scraped: Edward Asiedu
2026-05-14 21:47:10,018 INFO Scraped: Edward Entee
2026-05-14 21:47:20,938 INFO Scraped: Edward Nartey
2026-05-14 21:47:30,829 INFO Scraped: Elikplimi Komla Agbloyor
2026-05-14 21:47:40,179 INFO Scraped: Emerald Edem S. Welbeck
2026-05-14 21:47:49,921 INFO Scraped: Emmanuel Joel Aikins Abakah
2026-05-14 21:47:59,708 INFO Scraped: Emmanuel Kofi Ayisi
2026-05-14 21:48:10,521 INFO Scraped: Emmanuel Kojo Sakyi
2026-05-14 21:48:20,589 INFO Scraped: Emmanuel Sarpong-Kumankoma
2026-05-14 21:48:31,886 INFO Scraped: Eric Afful-Dadzie
2026-05-14 21:48:41,538 INFO Scraped: Ernest Y. Tweneboah-Koduah
2026-05-14 21:48:51,975 INFO Scraped: Francis Anderson Adzei
2026-05-14 21:49:01,545 INFO Scraped: George Acheampong
2026-05-14 21:49:11,081 INFO Scraped: Godfred Alufar Bokpin
2026-05-14 21:49:21,805 INFO Scraped: Godfred Amewu
2026-05-14 21:49:31,693 INFO Scraped: Godfred Matthew Yaw Owusu
2026-05-14 21:49:42,314 INFO Scraped: Hanan Yakubu
2026-05-14 21:49:52,699 INFO Scraped: Jabir Ibrahim Mohammed
2026-05-14 21:50:02,529 INFO Scraped: James Baba Abugre
2026-05-14 21:50:12,439 INFO Scraped: James Kwame Mensah
2026-05-14 21:50:23,346 INFO Scraped: Joshua Ofori-Amanfo
2026-05-14 21:50:33,072 INFO Scraped: Joshua Yindenaba Abor
2026-05-14 21:50:42,914 INFO Scraped: Justice Nyigmah Bawole
2026-05-14 21:50:52,720 INFO Scraped: K. Ameyaw Domfeh
2026-05-14 21:51:02,436 INFO Scraped: Kobby Mensah
2026-05-14 21:51:13,237 INFO Scraped: Kwaku Ohene-Asare
2026-05-14 21:51:23,475 INFO Scraped: Kwame Asamoah
2026-05-14 21:51:33,460 INFO Scraped: Kwasi Dartey-Baah
2026-05-14 21:51:43,331 INFO Scraped: Lord Kwaku Mensah
2026-05-14 21:51:53,103 INFO Scraped: Lordina Amoah
2026-05-14 21:52:02,775 INFO Scraped: Mahmoud Abdulai Mahmoud
2026-05-14 21:52:12,445 INFO Scraped: Majoreen Osafroadu Amankwah
2026-05-14 21:52:22,859 INFO Scraped: Matilda Adams
2026-05-14 21:52:32,755 INFO Scraped: Michael Effah Asamoah
2026-05-14 21:52:42,758 INFO Scraped: Millicent Wiafe-Kwagyan
2026-05-14 21:52:53,936 INFO Scraped: Mohammed Amidu
2026-05-14 21:53:03,413 INFO Scraped: Mohammed-Aminu Sanda
2026-05-14 21:53:13,887 INFO Scraped: Nana Nimo Appiah-Agyekum
2026-05-14 21:53:23,926 INFO Scraped: Nicholas Asare
2026-05-14 21:53:34,428 INFO Scraped: Patrick Asuming
2026-05-14 21:53:45,420 INFO Scraped: Prince Kodua
2026-05-14 21:54:02,033 INFO Scraped: Priscilla Ntriwaa Otuo
2026-05-14 21:54:12,313 INFO Scraped: Raphael Odoom
2026-05-14 21:54:22,314 INFO Scraped: Robert Ebo Hinson
2026-05-14 21:54:33,535 INFO Scraped: Roger Ayimbillah Atinga
2026-05-14 21:54:44,581 INFO Scraped: Saint Kuttu
2026-05-14 21:54:54,505 INFO Scraped: Samuel Nana Yaw Simpson
2026-05-14 21:55:05,066 INFO Scraped: Saviour Ayertey Nubuor
2026-05-14 21:55:14,878 INFO Scraped: Sheena Lovia Boateng
2026-05-14 21:55:24,530 INFO Scraped: Stephen Mahama Braimah
2026-05-14 21:55:35,657 INFO Scraped: Susana Adobea Yamoah
2026-05-14 21:55:45,311 INFO Scraped: Thomas Buabeng
2026-05-14 21:55:55,024 INFO Scraped: Vera Ogeh Fiador
2026-05-14 21:56:05,303 INFO Scraped: Victoria Mann
2026-05-14 21:56:14,839 INFO Scraped: Yvonne Ayerki Lamptey
2026-05-14 21:56:25,469 INFO Scraped: Zechariah Langnel
2026-05-14 21:56:36,885 INFO Scraped: Faculty
2026-05-14 21:56:48,294 INFO Scraped: Faculty
2026-05-14 21:56:59,686 INFO Scraped: Faculty
2026-05-14 21:57:11,187 INFO Scraped: Faculty
2026-05-14 21:57:23,811 INFO Scraped: Faculty
2026-05-14 21:57:34,941 INFO Scraped: Faculty
2026-05-14 21:57:46,294 INFO Scraped: Faculty
2026-05-14 21:57:58,043 INFO Scraped: Faculty
2026-05-14 21:58:08,993 INFO Scraped: Faculty
2026-05-14 21:58:20,459 INFO Scraped: Faculty
2026-05-14 21:58:32,295 INFO Scraped: Faculty
2026-05-14 21:58:43,704 INFO Scraped: Faculty
2026-05-14 21:58:54,769 INFO Scraped: Faculty
2026-05-14 21:59:06,634 INFO Scraped: Faculty
2026-05-14 21:59:17,904 INFO Scraped: Faculty
2026-05-14 21:59:29,445 INFO Scraped: Faculty
2026-05-14 21:59:40,271 INFO Scraped: Aaron Asibi Abuosi
2026-05-14 21:59:52,646 INFO Scraped: Abeeku Sam Edu
2026-05-14 22:00:03,213 INFO Scraped: Emmanuel Awuni Kolog
2026-05-14 22:00:14,119 INFO Scraped: Emmanuel Tetteh Asare
2026-05-14 22:00:24,824 INFO Scraped: Francis Aboagye- Otchere
2026-05-14 22:00:35,718 INFO Scraped: Francis Yaw Banuro
2026-05-14 22:00:46,437 INFO Scraped: Gordon Abekah-Nkrumah
2026-05-14 22:00:57,063 INFO Scraped: John Effah
2026-05-14 22:01:08,157 INFO Scraped: Justice Mensah
2026-05-14 22:01:19,821 INFO Scraped: Lily Yarney
2026-05-14 22:01:30,605 INFO Scraped: Mawuena Akosua Cudjoe
2026-05-14 22:02:23,910 INFO Scraped: Mohammed Zangina Mankannah Isshaq
2026-05-14 22:02:29,096 WARNING Profile failed https://ugbs.ug.edu.gh/index.php/faculty/patience-aseweh-abor: Page.goto: net::ERR_INTERNET_DISCONNECTED at https://ugbs.ug.edu.gh/index.php/faculty/patience-aseweh-abor
Call log:
  - navigating to "https://ugbs.ug.edu.gh/index.php/faculty/patience-aseweh-abor", waiting until "networkidle"

2026-05-14 22:02:29,650 WARNING Profile failed https://ugbs.ug.edu.gh/index.php/faculty/richard-boateng: Page.goto: net::ERR_INTERNET_DISCONNECTED at https://ugbs.ug.edu.gh/index.php/faculty/richard-boateng
Call log:
  - navigating to "https://ugbs.ug.edu.gh/index.php/faculty/richard-boateng", waiting until "networkidle"

2026-05-14 22:02:30,334 WARNING Profile failed https://ugbs.ug.edu.gh/index.php/faculty/richard-fosu-amankwa: Page.goto: net::ERR_INTERNET_DISCONNECTED at https://ugbs.ug.edu.gh/index.php/faculty/richard-fosu-amankwa
Call log:
  - navigating to "https://ugbs.ug.edu.gh/index.php/faculty/richard-fosu-amankwa", waiting until "networkidle"

2026-05-14 22:02:30,845 WARNING Profile failed https://ugbs.ug.edu.gh/index.php/faculty/rita-amoah-bekoe: Page.goto: net::ERR_INTERNET_DISCONNECTED at https://ugbs.ug.edu.gh/index.php/faculty/rita-amoah-bekoe
Call log:
  - navigating to "https://ugbs.ug.edu.gh/index.php/faculty/rita-amoah-bekoe", waiting until "networkidle"

2026-05-14 22:02:30,960 WARNING Profile failed https://ugbs.ug.edu.gh/index.php/faculty/teddy-ossei-kwakye: Page.goto: net::ERR_INTERNET_DISCONNECTED at https://ugbs.ug.edu.gh/index.php/faculty/teddy-ossei-kwakye
Call log:
  - navigating to "https://ugbs.ug.edu.gh/index.php/faculty/teddy-ossei-kwakye", waiting until "networkidle"

2026-05-14 22:02:31,093 WARNING Profile failed https://ugbs.ug.edu.gh/index.php/faculty/william-coffie: Page.goto: net::ERR_INTERNET_DISCONNECTED at https://ugbs.ug.edu.gh/index.php/faculty/william-coffie
Call log:
  - navigating to "https://ugbs.ug.edu.gh/index.php/faculty/william-coffie", waiting until "networkidle"

2026-05-14 22:02:31,198 WARNING Profile failed https://ugbs.ug.edu.gh/ru/node/127: Page.goto: net::ERR_INTERNET_DISCONNECTED at https://ugbs.ug.edu.gh/ru/node/127
Call log:
  - navigating to "https://ugbs.ug.edu.gh/ru/node/127", waiting until "networkidle"

2026-05-14 22:02:31,325 WARNING Profile failed https://ugbs.ug.edu.gh/ru/node/127?page=1: Page.goto: net::ERR_INTERNET_DISCONNECTED at https://ugbs.ug.edu.gh/ru/node/127?page=1
Call log:
  - navigating to "https://ugbs.ug.edu.gh/ru/node/127?page=1", waiting until "networkidle"

2026-05-14 22:02:31,441 WARNING Profile failed https://ugbs.ug.edu.gh/ru/node/127?page=10: Page.goto: net::ERR_INTERNET_DISCONNECTED at https://ugbs.ug.edu.gh/ru/node/127?page=10
Call log:
  - navigating to "https://ugbs.ug.edu.gh/ru/node/127?page=10", waiting until "networkidle"

2026-05-14 22:02:31,570 WARNING Profile failed https://ugbs.ug.edu.gh/ru/node/127?page=11: Page.goto: net::ERR_INTERNET_DISCONNECTED at https://ugbs.ug.edu.gh/ru/node/127?page=11
Call log:
  - navigating to "https://ugbs.ug.edu.gh/ru/node/127?page=11", waiting until "networkidle"

2026-05-14 22:02:31,690 WARNING Profile failed https://ugbs.ug.edu.gh/ru/node/127?page=12: Page.goto: net::ERR_INTERNET_DISCONNECTED at https://ugbs.ug.edu.gh/ru/node/127?page=12
Call log:
  - navigating to "https://ugbs.ug.edu.gh/ru/node/127?page=12", waiting until "networkidle"

2026-05-14 22:02:31,858 WARNING Profile failed https://ugbs.ug.edu.gh/ru/node/127?page=13: Page.goto: net::ERR_INTERNET_DISCONNECTED at https://ugbs.ug.edu.gh/ru/node/127?page=13
Call log:
  - navigating to "https://ugbs.ug.edu.gh/ru/node/127?page=13", waiting until "networkidle"

2026-05-14 22:02:32,161 WARNING Profile failed https://ugbs.ug.edu.gh/ru/node/127?page=14: Page.goto: net::ERR_INTERNET_DISCONNECTED at https://ugbs.ug.edu.gh/ru/node/127?page=14
Call log:
  - navigating to "https://ugbs.ug.edu.gh/ru/node/127?page=14", waiting until "networkidle"

2026-05-14 22:02:32,256 WARNING Profile failed https://ugbs.ug.edu.gh/ru/node/127?page=15: Page.goto: net::ERR_INTERNET_DISCONNECTED at https://ugbs.ug.edu.gh/ru/node/127?page=15
Call log:
  - navigating to "https://ugbs.ug.edu.gh/ru/node/127?page=15", waiting until "networkidle"

2026-05-14 22:02:32,350 WARNING Profile failed https://ugbs.ug.edu.gh/ru/node/127?page=2: Page.goto: net::ERR_INTERNET_DISCONNECTED at https://ugbs.ug.edu.gh/ru/node/127?page=2
Call log:
  - navigating to "https://ugbs.ug.edu.gh/ru/node/127?page=2", waiting until "networkidle"

2026-05-14 22:02:32,439 WARNING Profile failed https://ugbs.ug.edu.gh/ru/node/127?page=3: Page.goto: net::ERR_INTERNET_DISCONNECTED at https://ugbs.ug.edu.gh/ru/node/127?page=3
Call log:
  - navigating to "https://ugbs.ug.edu.gh/ru/node/127?page=3", waiting until "networkidle"

2026-05-14 22:02:32,530 WARNING Profile failed https://ugbs.ug.edu.gh/ru/node/127?page=4: Page.goto: net::ERR_INTERNET_DISCONNECTED at https://ugbs.ug.edu.gh/ru/node/127?page=4
Call log:
  - navigating to "https://ugbs.ug.edu.gh/ru/node/127?page=4", waiting until "networkidle"

2026-05-14 22:02:32,618 WARNING Profile failed https://ugbs.ug.edu.gh/ru/node/127?page=5: Page.goto: net::ERR_INTERNET_DISCONNECTED at https://ugbs.ug.edu.gh/ru/node/127?page=5
Call log:
  - navigating to "https://ugbs.ug.edu.gh/ru/node/127?page=5", waiting until "networkidle"

2026-05-14 22:02:32,701 WARNING Profile failed https://ugbs.ug.edu.gh/ru/node/127?page=6: Page.goto: net::ERR_INTERNET_DISCONNECTED at https://ugbs.ug.edu.gh/ru/node/127?page=6
Call log:
  - navigating to "https://ugbs.ug.edu.gh/ru/node/127?page=6", waiting until "networkidle"

2026-05-14 22:02:32,793 WARNING Profile failed https://ugbs.ug.edu.gh/ru/node/127?page=7: Page.goto: net::ERR_INTERNET_DISCONNECTED at https://ugbs.ug.edu.gh/ru/node/127?page=7
Call log:
  - navigating to "https://ugbs.ug.edu.gh/ru/node/127?page=7", waiting until "networkidle"

2026-05-14 22:02:32,879 WARNING Profile failed https://ugbs.ug.edu.gh/ru/node/127?page=8: Page.goto: net::ERR_INTERNET_DISCONNECTED at https://ugbs.ug.edu.gh/ru/node/127?page=8
Call log:
  - navigating to "https://ugbs.ug.edu.gh/ru/node/127?page=8", waiting until "networkidle"

2026-05-14 22:02:32,965 WARNING Profile failed https://ugbs.ug.edu.gh/ru/node/127?page=9: Page.goto: net::ERR_INTERNET_DISCONNECTED at https://ugbs.ug.edu.gh/ru/node/127?page=9
Call log:
  - navigating to "https://ugbs.ug.edu.gh/ru/node/127?page=9", waiting until "networkidle"

2026-05-14 22:02:32,969 WARNING Retrying (Retry(total=3, connect=None, read=None, redirect=None, status=None)) after connection broken by 'NameResolutionError("HTTPSConnection(host='www.ug.edu.gh', port=443): Failed to resolve 'www.ug.edu.gh' ([Errno 11001] getaddrinfo failed)")': /aad/node/79
2026-05-14 22:02:35,970 WARNING Retrying (Retry(total=2, connect=None, read=None, redirect=None, status=None)) after connection broken by 'NameResolutionError("HTTPSConnection(host='www.ug.edu.gh', port=443): Failed to resolve 'www.ug.edu.gh' ([Errno 11001] getaddrinfo failed)")': /aad/node/79
2026-05-14 22:02:41,973 WARNING Retrying (Retry(total=1, connect=None, read=None, redirect=None, status=None)) after connection broken by 'NameResolutionError("HTTPSConnection(host='www.ug.edu.gh', port=443): Failed to resolve 'www.ug.edu.gh' ([Errno 11001] getaddrinfo failed)")': /aad/node/79
2026-05-14 22:03:05,092 WARNING Profile failed https://www.ug.edu.gh/esl/people/ug.edu.gh: 404 Client Error: Not Found for url: https://www.ug.edu.gh/esl/people/ug.edu.gh
2026-05-14 22:03:07,232 INFO Scraped: University Leadership and Administration
2026-05-14 22:03:09,028 INFO Scraped: George Edison
2026-05-14 22:03:10,965 INFO Scraped: Selase Kodzo Dzidedi Agudetse
2026-05-14 22:03:12,718 INFO Scraped: Dr. Elizier Taiba Ameyaw-Buronyah
2026-05-14 22:03:14,373 INFO Scraped: Pascaline Kuunzungla Songsore
2026-05-14 22:03:16,003 INFO Scraped: Victoria Animwaa Anim
2026-05-14 22:03:17,918 INFO Scraped: Patience Stiles
2026-05-14 22:03:19,644 INFO Scraped: Mrs. Mary Chinery-Hesse
2026-05-14 22:03:27,280 INFO Saved 191 records to data\processed_faculty\faculty_raw.json
2026-05-14 22:03:28,072 INFO Playwright browser stopped
2026-05-14 22:03:28,073 INFO Scrape complete: 191 records
2026-05-14 22:03:28,073 INFO ==================================================
2026-05-14 22:03:28,073 INFO STEP 2/4 — Normalizing records
2026-05-14 22:03:28,074 INFO ==================================================
2026-05-14 22:03:28,123 INFO Loaded 191 raw records from data\processed_faculty\faculty_raw.json
2026-05-14 22:03:28,130 INFO Normalized 191 -> 154 records
2026-05-14 22:03:28,136 INFO Saved 154 normalized records to data\processed_faculty\faculty_normalized.json
2026-05-14 22:03:28,137 INFO Normalize complete: 154 records
2026-05-14 22:03:28,137 INFO ==================================================
2026-05-14 22:03:28,137 INFO STEP 3/4 — Chunking records
2026-05-14 22:03:28,138 INFO ==================================================
2026-05-14 22:03:28,174 INFO Loaded 154 normalized records
2026-05-14 22:03:28,176 INFO Created 154 chunks from 154 records
2026-05-14 22:03:28,180 INFO Saved 154 chunks to data\processed_faculty\faculty_chunks.jsonl
2026-05-14 22:03:28,181 INFO Chunk complete: 154 chunks
2026-05-14 22:03:28,181 INFO ==================================================
2026-05-14 22:03:28,181 INFO STEP 4/4 — Loading into Chroma
2026-05-14 22:03:28,182 INFO ==================================================
2026-05-14 22:03:32,232 INFO Loaded 154 chunks from data\processed_faculty\faculty_chunks.jsonl
2026-05-14 22:03:55,576 INFO HTTP Request: HEAD https://huggingface.co/sentence-transformers/all-mpnet-base-v2/resolve/main/modules.json "HTTP/1.1 307 Temporary Redirect"
2026-05-14 22:03:55,578 WARNING Warning: You are sending unauthenticated requests to the HF Hub. Please set a HF_TOKEN to enable higher rate limits and faster downloads.
2026-05-14 22:03:55,648 INFO HTTP Request: HEAD https://huggingface.co/api/resolve-cache/models/sentence-transformers/all-mpnet-base-v2/e8c3b32edf5434bc2275fc9bab85f82640a19130/modules.json "HTTP/1.1 200 OK"
2026-05-14 22:03:56,088 INFO HTTP Request: HEAD https://huggingface.co/sentence-transformers/all-mpnet-base-v2/resolve/main/config_sentence_transformers.json "HTTP/1.1 307 Temporary Redirect"
2026-05-14 22:03:56,177 INFO HTTP Request: HEAD https://huggingface.co/api/resolve-cache/models/sentence-transformers/all-mpnet-base-v2/e8c3b32edf5434bc2275fc9bab85f82640a19130/config_sentence_transformers.json "HTTP/1.1 200 OK"
2026-05-14 22:03:56,209 INFO Loading SentenceTransformer model from sentence-transformers/all-mpnet-base-v2.
2026-05-14 22:03:56,523 INFO HTTP Request: HEAD https://huggingface.co/sentence-transformers/all-mpnet-base-v2/resolve/main/config_sentence_transformers.json "HTTP/1.1 307 Temporary Redirect"
2026-05-14 22:03:56,597 INFO HTTP Request: HEAD https://huggingface.co/api/resolve-cache/models/sentence-transformers/all-mpnet-base-v2/e8c3b32edf5434bc2275fc9bab85f82640a19130/config_sentence_transformers.json "HTTP/1.1 200 OK"
2026-05-14 22:03:56,908 INFO HTTP Request: HEAD https://huggingface.co/sentence-transformers/all-mpnet-base-v2/resolve/main/README.md "HTTP/1.1 307 Temporary Redirect"
2026-05-14 22:03:57,316 INFO HTTP Request: HEAD https://huggingface.co/api/resolve-cache/models/sentence-transformers/all-mpnet-base-v2/e8c3b32edf5434bc2275fc9bab85f82640a19130/README.md "HTTP/1.1 200 OK"
2026-05-14 22:03:57,725 INFO HTTP Request: HEAD https://huggingface.co/sentence-transformers/all-mpnet-base-v2/resolve/main/modules.json "HTTP/1.1 307 Temporary Redirect"
2026-05-14 22:03:57,795 INFO HTTP Request: HEAD https://huggingface.co/api/resolve-cache/models/sentence-transformers/all-mpnet-base-v2/e8c3b32edf5434bc2275fc9bab85f82640a19130/modules.json "HTTP/1.1 200 OK"
2026-05-14 22:03:58,134 INFO HTTP Request: HEAD https://huggingface.co/sentence-transformers/all-mpnet-base-v2/resolve/main/sentence_bert_config.json "HTTP/1.1 307 Temporary Redirect"
2026-05-14 22:03:58,507 INFO HTTP Request: HEAD https://huggingface.co/api/resolve-cache/models/sentence-transformers/all-mpnet-base-v2/e8c3b32edf5434bc2275fc9bab85f82640a19130/sentence_bert_config.json "HTTP/1.1 200 OK"
2026-05-14 22:03:58,852 INFO HTTP Request: HEAD https://huggingface.co/sentence-transformers/all-mpnet-base-v2/resolve/main/adapter_config.json "HTTP/1.1 404 Not Found"
2026-05-14 22:03:59,262 INFO HTTP Request: HEAD https://huggingface.co/sentence-transformers/all-mpnet-base-v2/resolve/main/config.json "HTTP/1.1 307 Temporary Redirect"
2026-05-14 22:03:59,329 INFO HTTP Request: HEAD https://huggingface.co/api/resolve-cache/models/sentence-transformers/all-mpnet-base-v2/e8c3b32edf5434bc2275fc9bab85f82640a19130/config.json "HTTP/1.1 200 OK"
2026-05-14 22:04:00,220 INFO HTTP Request: HEAD https://huggingface.co/sentence-transformers/all-mpnet-base-v2/resolve/main/processor_config.json "HTTP/1.1 404 Not Found"
2026-05-14 22:04:00,592 INFO HTTP Request: HEAD https://huggingface.co/sentence-transformers/all-mpnet-base-v2/resolve/main/preprocessor_config.json "HTTP/1.1 404 Not Found"
2026-05-14 22:04:01,002 INFO HTTP Request: HEAD https://huggingface.co/sentence-transformers/all-mpnet-base-v2/resolve/main/video_preprocessor_config.json "HTTP/1.1 404 Not Found"
2026-05-14 22:04:01,412 INFO HTTP Request: HEAD https://huggingface.co/sentence-transformers/all-mpnet-base-v2/resolve/main/preprocessor_config.json "HTTP/1.1 404 Not Found"
2026-05-14 22:04:01,737 INFO HTTP Request: HEAD https://huggingface.co/sentence-transformers/all-mpnet-base-v2/resolve/main/tokenizer_config.json "HTTP/1.1 307 Temporary Redirect"
2026-05-14 22:04:01,797 INFO HTTP Request: HEAD https://huggingface.co/api/resolve-cache/models/sentence-transformers/all-mpnet-base-v2/e8c3b32edf5434bc2275fc9bab85f82640a19130/tokenizer_config.json "HTTP/1.1 200 OK"
2026-05-14 22:04:02,230 INFO HTTP Request: HEAD https://huggingface.co/sentence-transformers/all-mpnet-base-v2/resolve/main/config.json "HTTP/1.1 307 Temporary Redirect"
2026-05-14 22:04:02,313 INFO HTTP Request: HEAD https://huggingface.co/api/resolve-cache/models/sentence-transformers/all-mpnet-base-v2/e8c3b32edf5434bc2275fc9bab85f82640a19130/config.json "HTTP/1.1 200 OK"
2026-05-14 22:04:02,639 INFO HTTP Request: HEAD https://huggingface.co/sentence-transformers/all-mpnet-base-v2/resolve/main/config.json "HTTP/1.1 307 Temporary Redirect"
2026-05-14 22:04:02,687 INFO HTTP Request: HEAD https://huggingface.co/api/resolve-cache/models/sentence-transformers/all-mpnet-base-v2/e8c3b32edf5434bc2275fc9bab85f82640a19130/config.json "HTTP/1.1 200 OK"
2026-05-14 22:04:03,152 INFO HTTP Request: HEAD https://huggingface.co/sentence-transformers/all-mpnet-base-v2/resolve/main/tokenizer_config.json "HTTP/1.1 307 Temporary Redirect"
2026-05-14 22:04:03,211 INFO HTTP Request: HEAD https://huggingface.co/api/resolve-cache/models/sentence-transformers/all-mpnet-base-v2/e8c3b32edf5434bc2275fc9bab85f82640a19130/tokenizer_config.json "HTTP/1.1 200 OK"
2026-05-14 22:04:03,666 INFO HTTP Request: GET https://huggingface.co/api/models/sentence-transformers/all-mpnet-base-v2/tree/main/additional_chat_templates?recursive=false&expand=false "HTTP/1.1 404 Not Found"
2026-05-14 22:04:04,074 INFO HTTP Request: GET https://huggingface.co/api/models/sentence-transformers/all-mpnet-base-v2/tree/main?recursive=true&expand=false "HTTP/1.1 200 OK"
2026-05-14 22:04:04,665 INFO HTTP Request: HEAD https://huggingface.co/sentence-transformers/all-mpnet-base-v2/resolve/main/1_Pooling/config.json "HTTP/1.1 307 Temporary Redirect"
2026-05-14 22:04:04,742 INFO HTTP Request: HEAD https://huggingface.co/api/resolve-cache/models/sentence-transformers/all-mpnet-base-v2/e8c3b32edf5434bc2275fc9bab85f82640a19130/1_Pooling%2Fconfig.json "HTTP/1.1 200 OK"
2026-05-14 22:04:05,200 INFO HTTP Request: GET https://huggingface.co/api/models/sentence-transformers/all-mpnet-base-v2 "HTTP/1.1 200 OK"
2026-05-14 22:04:14,159 INFO Upserted batch 1-64 / 154
2026-05-14 22:04:22,210 INFO Upserted batch 65-128 / 154
2026-05-14 22:04:25,736 INFO Upserted batch 129-154 / 154
2026-05-14 22:04:25,736 INFO Finished upserting 154 chunks into 'faculty'
2026-05-14 22:04:25,737 INFO Faculty collection now contains 154 records
2026-05-14 22:04:25,738 INFO Load complete: 154 records in Chroma
2026-05-14 22:04:25,738 INFO ==================================================
2026-05-14 22:04:25,738 INFO Refresh complete in 1970.1s
2026-05-14 22:04:25,739 INFO ==================================================
